
==========================================================
STARTED DATE Sat Jul 25 2026 14:24:33 GMT+0530 (India Standard Time)
==========================================================

instance17b --- 14:29:19 --- TRADEBOOK RESTORED --- 

instance17b --- 14:31:11 --- TRADEBOOK RESTORED --- 

instance17b --- 14:31:46 --- TRADEBOOK RESTORED --- 

instance17b --- 14:33:25 --- TRADEBOOK RESTORED --- 

instance17b --- 14:35:57 --- TRADEBOOK RESTORED --- 

instance17b --- 14:36:05 --- socket start --- 

instance17b --- 14:36:10 --- Waiting 0.2 sec before executing trade --- 

instance17b --- 14:36:10 --- Waiting 0.2 sec before executing trade --- 

instance17b --- 14:36:10 --- TRADE CREATED --- PT_1784970370321_9193
"WAITING_ENTRY"

instance17b --- 14:36:10 --- TRADE CREATED --- PT_1784970370321_4197
"WAITING_ENTRY"

instance17b --- 14:36:10 --- Waiting 0.2 sec before executing trade --- 

instance17b --- 14:36:10 --- Waiting 0.2 sec before executing trade --- 

instance17b --- 14:36:10 --- TRADE CREATED --- PT_1784970370559_5432
"WAITING_ENTRY"

instance17b --- 14:36:10 --- TRADE CREATED --- PT_1784970370559_5715
"WAITING_ENTRY"

instance17b --- 14:41:18 --- TRADEBOOK RESTORED --- 

instance17b --- 14:50:36 --- TRADEBOOK RESTORED --- 

instance17b --- 14:54:31 --- TRADEBOOK RESTORED --- 

instance17b --- 15:00:46 --- TRADEBOOK RESTORED --- 

instance17b --- 15:01:17 --- TRADEBOOK RESTORED --- 

instance17b --- 15:04:27 --- TRADEBOOK RESTORED --- 

instance17b --- 15:05:26 --- TRADEBOOK RESTORED --- 

instance17b --- 15:08:00 --- TRADEBOOK RESTORED --- 

instance17b --- 15:09:35 --- TRADEBOOK RESTORED --- 

instance17b --- 15:11:53 --- TRADEBOOK RESTORED --- 

instance17b --- 15:12:23 --- TRADEBOOK RESTORED --- 

instance17b --- 15:17:05 --- TRADEBOOK RESTORED --- 

instance17b --- 15:17:36 --- TRADEBOOK RESTORED --- 

instance17b --- 15:18:15 --- TRADEBOOK RESTORED --- 

instance17b --- 15:19:15 --- TRADEBOOK RESTORED --- 

instance17b --- 15:21:14 --- TRADEBOOK RESTORED --- 

instance17b --- 15:22:11 --- TRADEBOOK RESTORED --- 

instance17b --- 15:24:41 --- TRADEBOOK RESTORED --- 

instance17b --- 15:26:13 --- TRADEBOOK RESTORED --- 

instance17b --- 15:29:54 --- TRADEBOOK RESTORED --- 

instance17b --- 15:33:40 --- TRADEBOOK RESTORED --- 

instance17b --- 15:35:02 --- TRADEBOOK RESTORED --- 

instance17b --- 15:36:42 --- TRADEBOOK RESTORED --- 

instance17b --- 15:39:06 --- TRADEBOOK RESTORED --- 

instance17b --- 15:41:02 --- TRADEBOOK RESTORED --- 

instance17b --- 15:42:21 --- TRADEBOOK RESTORED --- 

instance17b --- 15:47:49 --- TRADEBOOK RESTORED --- 

instance17b --- 15:48:21 --- TRADEBOOK RESTORED --- 

instance17b --- 17:51:53 --- TRADEBOOK RESTORED --- 

instance17b --- 18:11:07 --- TRADEBOOK RESTORED --- 

instance17b --- 18:13:45 --- TRADEBOOK RESTORED --- 

instance17b --- 18:17:04 --- TRADEBOOK RESTORED --- 

instance17b --- 18:17:32 --- TRADEBOOK RESTORED --- 

instance17b --- 18:18:10 --- TRADEBOOK RESTORED --- 

instance17b --- 18:23:57 --- TRADEBOOK RESTORED --- 

instance17b --- 18:25:49 --- TRADEBOOK RESTORED --- 

instance17b --- 18:25:56 --- TRADEBOOK RESTORED --- 

instance17b --- 18:26:43 --- TRADEBOOK RESTORED --- 

instance17b --- 18:34:45 --- TRADEBOOK RESTORED --- 

instance17b --- 18:35:22 --- TRADEBOOK RESTORED --- 

instance17b --- 18:35:30 --- Best Contracts for NIFTY: --- {
  "scripCode": "63924",
  "strikePrice": 23650,
  "optionType": "PE",
  "mergedCandle": {
    "startTime": "2026-07-24T15:21:00",
    "endTime": "2026-07-24T15:30:00",
    "open": 54.8,
    "high": 56.3,
    "low": 50.3,
    "close": 50.3,
    "volume": 3799770,
    "candleCount": 10
  },
  "metrics": {
    "netChangePercent": -8.21,
    "peakToCurrentDropPercent": 10.66
  },
  "status": "SUCCESS",
  "data": null,
  "webUrl": "https://www.5paisa.com/derivatives/nifty-option-chain/nifty-23650-pe?exp_date=28-July-2026",
  "strike": 23650,
  "securityId": 63924,
  "pmlSymbol": "NIFTY-Jul2026-23650-PE",
  "premium": 50.3,
  "volume": 229312135,
  "distanceFrom40": 10.299999999999997,
  "iframeUrl": "https://tradechart.5paisa.com/5pWebChart?type=options&range=D&period=1&appName=TTWeb&appVer=1.1.0.0&osName=TTWEB&option_type=pe&strike_price=23650&exchange=nse&exchType=D&expiry_date=7/28/2026&symbol=nifty&scripCode=63924&loginId=56294446&theme=Light&source=5pWebsite",
  "symbol": "NIFTY"
}

instance17b --- 18:37:20 --- TRADEBOOK RESTORED --- 

instance17b --- 18:37:21 --- Best Contracts for NIFTY: --- {
  "scripCode": "63924",
  "strikePrice": 23650,
  "optionType": "PE",
  "mergedCandle": {
    "startTime": "2026-07-24T15:21:00",
    "endTime": "2026-07-24T15:30:00",
    "open": 54.8,
    "high": 56.3,
    "low": 50.3,
    "close": 50.3,
    "volume": 3799770,
    "candleCount": 10
  },
  "metrics": {
    "netChangePercent": -8.21,
    "peakToCurrentDropPercent": 10.66
  },
  "status": "SUCCESS",
  "data": null,
  "webUrl": "https://www.5paisa.com/derivatives/nifty-option-chain/nifty-23650-pe?exp_date=28-July-2026",
  "strike": 23650,
  "securityId": 63924,
  "pmlSymbol": "NIFTY-Jul2026-23650-PE",
  "premium": 50.3,
  "volume": 229312135,
  "distanceFrom40": 10.299999999999997,
  "iframeUrl": "https://tradechart.5paisa.com/5pWebChart?type=options&range=D&period=1&appName=TTWeb&appVer=1.1.0.0&osName=TTWEB&option_type=pe&strike_price=23650&exchange=nse&exchType=D&expiry_date=7/28/2026&symbol=nifty&scripCode=63924&loginId=56294446&theme=Light&source=5pWebsite",
  "symbol": "NIFTY"
}

instance17b --- 18:37:21 --- socket start --- 

instance17b --- 18:47:55 --- TRADEBOOK RESTORED --- 

instance17b --- 18:47:56 --- Best Contracts for NIFTY: --- {
  "scripCode": "63924",
  "strikePrice": 23650,
  "optionType": "PE",
  "mergedCandle": {
    "startTime": "2026-07-24T15:21:00",
    "endTime": "2026-07-24T15:30:00",
    "open": 54.8,
    "high": 56.3,
    "low": 50.3,
    "close": 50.3,
    "volume": 3799770,
    "candleCount": 10
  },
  "metrics": {
    "netChangePercent": -8.21,
    "peakToCurrentDropPercent": 10.66
  },
  "status": "SUCCESS",
  "data": null,
  "webUrl": "https://www.5paisa.com/derivatives/nifty-option-chain/nifty-23650-pe?exp_date=28-July-2026",
  "strike": 23650,
  "securityId": 63924,
  "pmlSymbol": "NIFTY-Jul2026-23650-PE",
  "premium": 50.3,
  "volume": 229312135,
  "distanceFrom40": 10.299999999999997,
  "iframeUrl": "https://tradechart.5paisa.com/5pWebChart?type=options&range=D&period=1&appName=TTWeb&appVer=1.1.0.0&osName=TTWEB&option_type=pe&strike_price=23650&exchange=nse&exchType=D&expiry_date=7/28/2026&symbol=nifty&scripCode=63924&loginId=56294446&theme=Light&source=5pWebsite",
  "symbol": "NIFTY"
}

instance17b --- 18:47:57 --- socket start --- 

instance17b --- 18:49:55 --- TRADEBOOK RESTORED --- 

instance17b --- 18:49:56 --- Best Contracts for NIFTY: --- {
  "scripCode": "63924",
  "strikePrice": 23650,
  "optionType": "PE",
  "mergedCandle": {
    "startTime": "2026-07-24T15:21:00",
    "endTime": "2026-07-24T15:30:00",
    "open": 54.8,
    "high": 56.3,
    "low": 50.3,
    "close": 50.3,
    "volume": 3799770,
    "candleCount": 10
  },
  "metrics": {
    "netChangePercent": -8.21,
    "peakToCurrentDropPercent": 10.66
  },
  "status": "SUCCESS",
  "data": null,
  "webUrl": "https://www.5paisa.com/derivatives/nifty-option-chain/nifty-23650-pe?exp_date=28-July-2026",
  "strike": 23650,
  "securityId": 63924,
  "pmlSymbol": "NIFTY-Jul2026-23650-PE",
  "premium": 50.3,
  "volume": 229312135,
  "distanceFrom40": 10.299999999999997,
  "iframeUrl": "https://tradechart.5paisa.com/5pWebChart?type=options&range=D&period=1&appName=TTWeb&appVer=1.1.0.0&osName=TTWEB&option_type=pe&strike_price=23650&exchange=nse&exchType=D&expiry_date=7/28/2026&symbol=nifty&scripCode=63924&loginId=56294446&theme=Light&source=5pWebsite",
  "symbol": "NIFTY"
}

instance17b --- 18:49:56 --- socket start --- 

instance17b --- 18:50:57 --- Waiting 0.2 sec before executing trade --- 

instance17b --- 18:53:16 --- TRADEBOOK RESTORED --- 

instance17b --- 18:54:40 --- TRADEBOOK RESTORED --- 

instance17b --- 18:55:00 --- Best Contracts for NIFTY: --- {
  "scripCode": "63924",
  "strikePrice": 23650,
  "optionType": "PE",
  "mergedCandle": {
    "startTime": "2026-07-24T15:21:00",
    "endTime": "2026-07-24T15:30:00",
    "open": 54.8,
    "high": 56.3,
    "low": 50.3,
    "close": 50.3,
    "volume": 3799770,
    "candleCount": 10
  },
  "metrics": {
    "netChangePercent": -8.21,
    "peakToCurrentDropPercent": 10.66
  },
  "status": "SUCCESS",
  "data": null,
  "webUrl": "https://www.5paisa.com/derivatives/nifty-option-chain/nifty-23650-pe?exp_date=28-July-2026",
  "strike": 23650,
  "securityId": 63924,
  "pmlSymbol": "NIFTY-Jul2026-23650-PE",
  "premium": 50.3,
  "volume": 229312135,
  "distanceFrom40": 10.299999999999997,
  "iframeUrl": "https://tradechart.5paisa.com/5pWebChart?type=options&range=D&period=1&appName=TTWeb&appVer=1.1.0.0&osName=TTWEB&option_type=pe&strike_price=23650&exchange=nse&exchType=D&expiry_date=7/28/2026&symbol=nifty&scripCode=63924&loginId=56294446&theme=Light&source=5pWebsite",
  "symbol": "NIFTY"
}

instance17b --- 18:55:00 --- socket start --- 

instance17b --- 18:55:05 --- Waiting 0.2 sec before executing trade --- 

instance17b --- 18:55:05 --- TRADE CREATED --- PT_1784985905580_2251
"WAITING_ENTRY"

instance17b --- 18:56:54 --- ACTIVE NON EXPIRED TRADE RUNNING --- 

instance17b --- 18:58:54 --- ACTIVE NON EXPIRED TRADE RUNNING --- 

instance17b --- 19:00:22 --- TRADEBOOK RESTORED --- 

instance17b --- 19:00:41 --- Best Contracts for NIFTY: --- {
  "scripCode": "63924",
  "strikePrice": 23650,
  "optionType": "PE",
  "mergedCandle": {
    "startTime": "2026-07-24T15:21:00",
    "endTime": "2026-07-24T15:30:00",
    "open": 54.8,
    "high": 56.3,
    "low": 50.3,
    "close": 50.3,
    "volume": 3799770,
    "candleCount": 10
  },
  "metrics": {
    "netChangePercent": -8.21,
    "peakToCurrentDropPercent": 10.66
  },
  "status": "SUCCESS",
  "data": null,
  "webUrl": "https://www.5paisa.com/derivatives/nifty-option-chain/nifty-23650-pe?exp_date=28-July-2026",
  "strike": 23650,
  "securityId": 63924,
  "pmlSymbol": "NIFTY-Jul2026-23650-PE",
  "premium": 50.3,
  "volume": 229312135,
  "distanceFrom40": 10.299999999999997,
  "iframeUrl": "https://tradechart.5paisa.com/5pWebChart?type=options&range=D&period=1&appName=TTWeb&appVer=1.1.0.0&osName=TTWEB&option_type=pe&strike_price=23650&exchange=nse&exchType=D&expiry_date=7/28/2026&symbol=nifty&scripCode=63924&loginId=56294446&theme=Light&source=5pWebsite",
  "symbol": "NIFTY"
}

instance17b --- 19:00:41 --- socket start --- 

instance17b --- 19:00:46 --- Waiting 0.2 sec before executing trade --- 

instance17b --- 19:00:46 --- TRADE CREATED --- PT_1784986246155_3442
"WAITING_ENTRY"

instance17b2 --- 19:27:09 --- TRADEBOOK RESTORED --- 

instance17b2 --- 19:28:51 --- TRADEBOOK RESTORED --- 

instance17b2 --- 19:29:36 --- Best Contracts for NIFTY: --- {
  "scripCode": "63924",
  "strikePrice": 23650,
  "optionType": "PE",
  "mergedCandle": {
    "startTime": "2026-07-24T15:21:00",
    "endTime": "2026-07-24T15:30:00",
    "open": 54.8,
    "high": 56.3,
    "low": 50.3,
    "close": 50.3,
    "volume": 3799770,
    "candleCount": 10
  },
  "metrics": {
    "netChangePercent": -8.21,
    "peakToCurrentDropPercent": 10.66
  },
  "status": "SUCCESS",
  "data": null,
  "webUrl": "https://www.5paisa.com/derivatives/nifty-option-chain/nifty-23650-pe?exp_date=28-July-2026",
  "strike": 23650,
  "securityId": 63924,
  "pmlSymbol": "NIFTY-Jul2026-23650-PE",
  "premium": 50.3,
  "volume": 229312135,
  "distanceFrom40": 10.299999999999997,
  "iframeUrl": "https://tradechart.5paisa.com/5pWebChart?type=options&range=D&period=1&appName=TTWeb&appVer=1.1.0.0&osName=TTWEB&option_type=pe&strike_price=23650&exchange=nse&exchType=D&expiry_date=7/28/2026&symbol=nifty&scripCode=63924&loginId=56294446&theme=Light&source=5pWebsite",
  "symbol": "NIFTY"
}

instance17b2 --- 19:29:36 --- socket start --- 

instance17b2 --- 19:29:41 --- Waiting 0.2 sec before executing trade --- 

instance17b2 --- 19:29:41 --- TRADE CREATED --- PT_1784987981574_7665
"WAITING_ENTRY"

instance17b2 --- 19:30:29 --- Best Contracts for NIFTY: --- {
  "scripCode": "63924",
  "strikePrice": 23650,
  "optionType": "PE",
  "mergedCandle": {
    "startTime": "2026-07-24T15:21:00",
    "endTime": "2026-07-24T15:30:00",
    "open": 54.8,
    "high": 56.3,
    "low": 50.3,
    "close": 50.3,
    "volume": 3799770,
    "candleCount": 10
  },
  "metrics": {
    "netChangePercent": -8.21,
    "peakToCurrentDropPercent": 10.66
  },
  "status": "SUCCESS",
  "data": null,
  "webUrl": "https://www.5paisa.com/derivatives/nifty-option-chain/nifty-23650-pe?exp_date=28-July-2026",
  "strike": 23650,
  "securityId": 63924,
  "pmlSymbol": "NIFTY-Jul2026-23650-PE",
  "premium": 50.3,
  "volume": 229312135,
  "distanceFrom40": 10.299999999999997,
  "iframeUrl": "https://tradechart.5paisa.com/5pWebChart?type=options&range=D&period=1&appName=TTWeb&appVer=1.1.0.0&osName=TTWEB&option_type=pe&strike_price=23650&exchange=nse&exchType=D&expiry_date=7/28/2026&symbol=nifty&scripCode=63924&loginId=56294446&theme=Light&source=5pWebsite",
  "symbol": "NIFTY"
}

instance17b2 --- 19:30:29 --- socket start --- 

instance17b2 --- 19:30:59 --- TRADEBOOK RESTORED --- 

instance17b2 --- 19:31:02 --- Best Contracts for NIFTY: --- {
  "scripCode": "63924",
  "strikePrice": 23650,
  "optionType": "PE",
  "mergedCandle": {
    "startTime": "2026-07-24T15:21:00",
    "endTime": "2026-07-24T15:30:00",
    "open": 54.8,
    "high": 56.3,
    "low": 50.3,
    "close": 50.3,
    "volume": 3799770,
    "candleCount": 10
  },
  "metrics": {
    "netChangePercent": -8.21,
    "peakToCurrentDropPercent": 10.66
  },
  "status": "SUCCESS",
  "data": null,
  "webUrl": "https://www.5paisa.com/derivatives/nifty-option-chain/nifty-23650-pe?exp_date=28-July-2026",
  "strike": 23650,
  "securityId": 63924,
  "pmlSymbol": "NIFTY-Jul2026-23650-PE",
  "premium": 50.3,
  "volume": 229312135,
  "distanceFrom40": 10.299999999999997,
  "iframeUrl": "https://tradechart.5paisa.com/5pWebChart?type=options&range=D&period=1&appName=TTWeb&appVer=1.1.0.0&osName=TTWEB&option_type=pe&strike_price=23650&exchange=nse&exchType=D&expiry_date=7/28/2026&symbol=nifty&scripCode=63924&loginId=56294446&theme=Light&source=5pWebsite",
  "symbol": "NIFTY"
}

instance17b2 --- 19:31:02 --- socket start --- 

instance17b2 --- 19:31:19 --- TRADEBOOK RESTORED --- 

instance17b2 --- 19:31:22 --- Best Contracts for NIFTY: --- {
  "scripCode": "63924",
  "strikePrice": 23650,
  "optionType": "PE",
  "mergedCandle": {
    "startTime": "2026-07-24T15:21:00",
    "endTime": "2026-07-24T15:30:00",
    "open": 54.8,
    "high": 56.3,
    "low": 50.3,
    "close": 50.3,
    "volume": 3799770,
    "candleCount": 10
  },
  "metrics": {
    "netChangePercent": -8.21,
    "peakToCurrentDropPercent": 10.66
  },
  "status": "SUCCESS",
  "data": null,
  "webUrl": "https://www.5paisa.com/derivatives/nifty-option-chain/nifty-23650-pe?exp_date=28-July-2026",
  "strike": 23650,
  "securityId": 63924,
  "pmlSymbol": "NIFTY-Jul2026-23650-PE",
  "premium": 50.3,
  "volume": 229312135,
  "distanceFrom40": 10.299999999999997,
  "iframeUrl": "https://tradechart.5paisa.com/5pWebChart?type=options&range=D&period=1&appName=TTWeb&appVer=1.1.0.0&osName=TTWEB&option_type=pe&strike_price=23650&exchange=nse&exchType=D&expiry_date=7/28/2026&symbol=nifty&scripCode=63924&loginId=56294446&theme=Light&source=5pWebsite",
  "symbol": "NIFTY"
}

instance17b2 --- 19:31:22 --- socket start --- 

